------------------------------------------------------------
TimeQuest Timing Analyzer Summary
------------------------------------------------------------

Type  : Slow 1200mV 85C Model Setup 'FPGA_CLK_B_P'
Slack : 2.129
TNS   : 0.000

Type  : Slow 1200mV 85C Model Setup 'CLOCK_50'
Slack : 2.737
TNS   : 0.000

Type  : Slow 1200mV 85C Model Setup 'DE2115_DualLockins_system_inst|dual_lia_inst|lockin_1|cic_x|clk_decimated|q'
Slack : 10.654
TNS   : 0.000

Type  : Slow 1200mV 85C Model Setup 'ADA_DCO'
Slack : 13.197
TNS   : 0.000

Type  : Slow 1200mV 85C Model Setup 'DE2115_DualLockins_system_inst|dual_lia_inst|lockin_1|cic_y|clk_decimated|q'
Slack : 14.738
TNS   : 0.000

Type  : Slow 1200mV 85C Model Setup 'DE2115_DualLockins_system_inst|dual_lia_inst|lockin_2|cic_y|clk_decimated|q'
Slack : 14.770
TNS   : 0.000

Type  : Slow 1200mV 85C Model Setup 'DE2115_DualLockins_system_inst|dual_lia_inst|lockin_2|cic_x|clk_decimated|q'
Slack : 15.040
TNS   : 0.000

Type  : Slow 1200mV 85C Model Setup 'altera_reserved_tck'
Slack : 33.487
TNS   : 0.000

Type  : Slow 1200mV 85C Model Setup 'GPIO[8]'
Slack : 82.092
TNS   : 0.000

Type  : Slow 1200mV 85C Model Hold 'CLOCK_50'
Slack : 0.324
TNS   : 0.000

Type  : Slow 1200mV 85C Model Hold 'altera_reserved_tck'
Slack : 0.387
TNS   : 0.000

Type  : Slow 1200mV 85C Model Hold 'DE2115_DualLockins_system_inst|dual_lia_inst|lockin_1|cic_x|clk_decimated|q'
Slack : 0.401
TNS   : 0.000

Type  : Slow 1200mV 85C Model Hold 'ADA_DCO'
Slack : 0.437
TNS   : 0.000

Type  : Slow 1200mV 85C Model Hold 'DE2115_DualLockins_system_inst|dual_lia_inst|lockin_2|cic_y|clk_decimated|q'
Slack : 0.437
TNS   : 0.000

Type  : Slow 1200mV 85C Model Hold 'GPIO[8]'
Slack : 0.440
TNS   : 0.000

Type  : Slow 1200mV 85C Model Hold 'DE2115_DualLockins_system_inst|dual_lia_inst|lockin_1|cic_y|clk_decimated|q'
Slack : 0.480
TNS   : 0.000

Type  : Slow 1200mV 85C Model Hold 'DE2115_DualLockins_system_inst|dual_lia_inst|lockin_2|cic_x|clk_decimated|q'
Slack : 0.485
TNS   : 0.000

Type  : Slow 1200mV 85C Model Hold 'FPGA_CLK_B_P'
Slack : 16.478
TNS   : 0.000

Type  : Slow 1200mV 85C Model Recovery 'CLOCK_50'
Slack : 8.611
TNS   : 0.000

Type  : Slow 1200mV 85C Model Recovery 'ADA_DCO'
Slack : 13.441
TNS   : 0.000

Type  : Slow 1200mV 85C Model Recovery 'altera_reserved_tck'
Slack : 94.968
TNS   : 0.000

Type  : Slow 1200mV 85C Model Removal 'altera_reserved_tck'
Slack : 1.003
TNS   : 0.000

Type  : Slow 1200mV 85C Model Removal 'CLOCK_50'
Slack : 1.030
TNS   : 0.000

Type  : Slow 1200mV 85C Model Removal 'ADA_DCO'
Slack : 2.836
TNS   : 0.000

Type  : Slow 1200mV 85C Model Minimum Pulse Width 'ADA_DCO'
Slack : 9.542
TNS   : 0.000

Type  : Slow 1200mV 85C Model Minimum Pulse Width 'CLOCK_50'
Slack : 9.547
TNS   : 0.000

Type  : Slow 1200mV 85C Model Minimum Pulse Width 'FPGA_CLK_A_N'
Slack : 15.790
TNS   : 0.000

Type  : Slow 1200mV 85C Model Minimum Pulse Width 'FPGA_CLK_A_P'
Slack : 15.790
TNS   : 0.000

Type  : Slow 1200mV 85C Model Minimum Pulse Width 'FPGA_CLK_B_N'
Slack : 15.790
TNS   : 0.000

Type  : Slow 1200mV 85C Model Minimum Pulse Width 'FPGA_CLK_B_P'
Slack : 15.790
TNS   : 0.000

Type  : Slow 1200mV 85C Model Minimum Pulse Width 'CLOCK2_50'
Slack : 16.000
TNS   : 0.000

Type  : Slow 1200mV 85C Model Minimum Pulse Width 'CLOCK3_50'
Slack : 16.000
TNS   : 0.000

Type  : Slow 1200mV 85C Model Minimum Pulse Width 'altera_reserved_tck'
Slack : 49.494
TNS   : 0.000

Type  : Slow 1200mV 85C Model Minimum Pulse Width 'GPIO[8]'
Slack : 49.630
TNS   : 0.000

Type  : Slow 1200mV 85C Model Minimum Pulse Width 'DE2115_DualLockins_system_inst|dual_lia_inst|lockin_2|cic_y|clk_decimated|q'
Slack : 499999.748
TNS   : 0.000

Type  : Slow 1200mV 85C Model Minimum Pulse Width 'DE2115_DualLockins_system_inst|dual_lia_inst|lockin_2|cic_x|clk_decimated|q'
Slack : 499999.749
TNS   : 0.000

Type  : Slow 1200mV 85C Model Minimum Pulse Width 'DE2115_DualLockins_system_inst|dual_lia_inst|lockin_1|cic_x|clk_decimated|q'
Slack : 499999.750
TNS   : 0.000

Type  : Slow 1200mV 85C Model Minimum Pulse Width 'DE2115_DualLockins_system_inst|dual_lia_inst|lockin_1|cic_y|clk_decimated|q'
Slack : 499999.754
TNS   : 0.000

Type  : Slow 1200mV 0C Model Setup 'FPGA_CLK_B_P'
Slack : 2.900
TNS   : 0.000

Type  : Slow 1200mV 0C Model Setup 'CLOCK_50'
Slack : 3.317
TNS   : 0.000

Type  : Slow 1200mV 0C Model Setup 'DE2115_DualLockins_system_inst|dual_lia_inst|lockin_1|cic_x|clk_decimated|q'
Slack : 11.314
TNS   : 0.000

Type  : Slow 1200mV 0C Model Setup 'ADA_DCO'
Slack : 13.935
TNS   : 0.000

Type  : Slow 1200mV 0C Model Setup 'DE2115_DualLockins_system_inst|dual_lia_inst|lockin_1|cic_y|clk_decimated|q'
Slack : 15.250
TNS   : 0.000

Type  : Slow 1200mV 0C Model Setup 'DE2115_DualLockins_system_inst|dual_lia_inst|lockin_2|cic_y|clk_decimated|q'
Slack : 15.332
TNS   : 0.000

Type  : Slow 1200mV 0C Model Setup 'DE2115_DualLockins_system_inst|dual_lia_inst|lockin_2|cic_x|clk_decimated|q'
Slack : 15.581
TNS   : 0.000

Type  : Slow 1200mV 0C Model Setup 'altera_reserved_tck'
Slack : 34.762
TNS   : 0.000

Type  : Slow 1200mV 0C Model Setup 'GPIO[8]'
Slack : 83.476
TNS   : 0.000

Type  : Slow 1200mV 0C Model Hold 'CLOCK_50'
Slack : 0.323
TNS   : 0.000

Type  : Slow 1200mV 0C Model Hold 'altera_reserved_tck'
Slack : 0.339
TNS   : 0.000

Type  : Slow 1200mV 0C Model Hold 'DE2115_DualLockins_system_inst|dual_lia_inst|lockin_1|cic_x|clk_decimated|q'
Slack : 0.353
TNS   : 0.000

Type  : Slow 1200mV 0C Model Hold 'GPIO[8]'
Slack : 0.387
TNS   : 0.000

Type  : Slow 1200mV 0C Model Hold 'ADA_DCO'
Slack : 0.404
TNS   : 0.000

Type  : Slow 1200mV 0C Model Hold 'DE2115_DualLockins_system_inst|dual_lia_inst|lockin_2|cic_y|clk_decimated|q'
Slack : 0.427
TNS   : 0.000

Type  : Slow 1200mV 0C Model Hold 'DE2115_DualLockins_system_inst|dual_lia_inst|lockin_1|cic_y|clk_decimated|q'
Slack : 0.468
TNS   : 0.000

Type  : Slow 1200mV 0C Model Hold 'DE2115_DualLockins_system_inst|dual_lia_inst|lockin_2|cic_x|clk_decimated|q'
Slack : 0.469
TNS   : 0.000

Type  : Slow 1200mV 0C Model Hold 'FPGA_CLK_B_P'
Slack : 15.802
TNS   : 0.000

Type  : Slow 1200mV 0C Model Recovery 'CLOCK_50'
Slack : 8.621
TNS   : 0.000

Type  : Slow 1200mV 0C Model Recovery 'ADA_DCO'
Slack : 14.146
TNS   : 0.000

Type  : Slow 1200mV 0C Model Recovery 'altera_reserved_tck'
Slack : 95.515
TNS   : 0.000

Type  : Slow 1200mV 0C Model Removal 'altera_reserved_tck'
Slack : 0.907
TNS   : 0.000

Type  : Slow 1200mV 0C Model Removal 'CLOCK_50'
Slack : 0.941
TNS   : 0.000

Type  : Slow 1200mV 0C Model Removal 'ADA_DCO'
Slack : 2.481
TNS   : 0.000

Type  : Slow 1200mV 0C Model Minimum Pulse Width 'CLOCK_50'
Slack : 9.556
TNS   : 0.000

Type  : Slow 1200mV 0C Model Minimum Pulse Width 'ADA_DCO'
Slack : 9.573
TNS   : 0.000

Type  : Slow 1200mV 0C Model Minimum Pulse Width 'FPGA_CLK_A_N'
Slack : 15.790
TNS   : 0.000

Type  : Slow 1200mV 0C Model Minimum Pulse Width 'FPGA_CLK_A_P'
Slack : 15.790
TNS   : 0.000

Type  : Slow 1200mV 0C Model Minimum Pulse Width 'FPGA_CLK_B_N'
Slack : 15.790
TNS   : 0.000

Type  : Slow 1200mV 0C Model Minimum Pulse Width 'FPGA_CLK_B_P'
Slack : 15.790
TNS   : 0.000

Type  : Slow 1200mV 0C Model Minimum Pulse Width 'CLOCK2_50'
Slack : 16.000
TNS   : 0.000

Type  : Slow 1200mV 0C Model Minimum Pulse Width 'CLOCK3_50'
Slack : 16.000
TNS   : 0.000

Type  : Slow 1200mV 0C Model Minimum Pulse Width 'altera_reserved_tck'
Slack : 49.410
TNS   : 0.000

Type  : Slow 1200mV 0C Model Minimum Pulse Width 'GPIO[8]'
Slack : 49.692
TNS   : 0.000

Type  : Slow 1200mV 0C Model Minimum Pulse Width 'DE2115_DualLockins_system_inst|dual_lia_inst|lockin_1|cic_x|clk_decimated|q'
Slack : 499999.726
TNS   : 0.000

Type  : Slow 1200mV 0C Model Minimum Pulse Width 'DE2115_DualLockins_system_inst|dual_lia_inst|lockin_2|cic_x|clk_decimated|q'
Slack : 499999.727
TNS   : 0.000

Type  : Slow 1200mV 0C Model Minimum Pulse Width 'DE2115_DualLockins_system_inst|dual_lia_inst|lockin_2|cic_y|clk_decimated|q'
Slack : 499999.727
TNS   : 0.000

Type  : Slow 1200mV 0C Model Minimum Pulse Width 'DE2115_DualLockins_system_inst|dual_lia_inst|lockin_1|cic_y|clk_decimated|q'
Slack : 499999.733
TNS   : 0.000

Type  : Fast 1200mV 0C Model Setup 'FPGA_CLK_B_P'
Slack : 5.273
TNS   : 0.000

Type  : Fast 1200mV 0C Model Setup 'CLOCK_50'
Slack : 5.717
TNS   : 0.000

Type  : Fast 1200mV 0C Model Setup 'DE2115_DualLockins_system_inst|dual_lia_inst|lockin_1|cic_x|clk_decimated|q'
Slack : 15.126
TNS   : 0.000

Type  : Fast 1200mV 0C Model Setup 'ADA_DCO'
Slack : 15.480
TNS   : 0.000

Type  : Fast 1200mV 0C Model Setup 'DE2115_DualLockins_system_inst|dual_lia_inst|lockin_2|cic_y|clk_decimated|q'
Slack : 17.296
TNS   : 0.000

Type  : Fast 1200mV 0C Model Setup 'DE2115_DualLockins_system_inst|dual_lia_inst|lockin_1|cic_y|clk_decimated|q'
Slack : 17.298
TNS   : 0.000

Type  : Fast 1200mV 0C Model Setup 'DE2115_DualLockins_system_inst|dual_lia_inst|lockin_2|cic_x|clk_decimated|q'
Slack : 17.461
TNS   : 0.000

Type  : Fast 1200mV 0C Model Setup 'altera_reserved_tck'
Slack : 40.397
TNS   : 0.000

Type  : Fast 1200mV 0C Model Setup 'GPIO[8]'
Slack : 90.397
TNS   : 0.000

Type  : Fast 1200mV 0C Model Hold 'CLOCK_50'
Slack : 0.126
TNS   : 0.000

Type  : Fast 1200mV 0C Model Hold 'ADA_DCO'
Slack : 0.165
TNS   : 0.000

Type  : Fast 1200mV 0C Model Hold 'GPIO[8]'
Slack : 0.175
TNS   : 0.000

Type  : Fast 1200mV 0C Model Hold 'altera_reserved_tck'
Slack : 0.175
TNS   : 0.000

Type  : Fast 1200mV 0C Model Hold 'DE2115_DualLockins_system_inst|dual_lia_inst|lockin_1|cic_x|clk_decimated|q'
Slack : 0.180
TNS   : 0.000

Type  : Fast 1200mV 0C Model Hold 'DE2115_DualLockins_system_inst|dual_lia_inst|lockin_2|cic_y|clk_decimated|q'
Slack : 0.207
TNS   : 0.000

Type  : Fast 1200mV 0C Model Hold 'DE2115_DualLockins_system_inst|dual_lia_inst|lockin_1|cic_y|clk_decimated|q'
Slack : 0.229
TNS   : 0.000

Type  : Fast 1200mV 0C Model Hold 'DE2115_DualLockins_system_inst|dual_lia_inst|lockin_2|cic_x|clk_decimated|q'
Slack : 0.234
TNS   : 0.000

Type  : Fast 1200mV 0C Model Hold 'FPGA_CLK_B_P'
Slack : 13.856
TNS   : 0.000

Type  : Fast 1200mV 0C Model Recovery 'CLOCK_50'
Slack : 8.922
TNS   : 0.000

Type  : Fast 1200mV 0C Model Recovery 'ADA_DCO'
Slack : 15.609
TNS   : 0.000

Type  : Fast 1200mV 0C Model Recovery 'altera_reserved_tck'
Slack : 97.312
TNS   : 0.000

Type  : Fast 1200mV 0C Model Removal 'CLOCK_50'
Slack : 0.490
TNS   : 0.000

Type  : Fast 1200mV 0C Model Removal 'altera_reserved_tck'
Slack : 0.492
TNS   : 0.000

Type  : Fast 1200mV 0C Model Removal 'ADA_DCO'
Slack : 0.847
TNS   : 0.000

Type  : Fast 1200mV 0C Model Minimum Pulse Width 'CLOCK_50'
Slack : 9.199
TNS   : 0.000

Type  : Fast 1200mV 0C Model Minimum Pulse Width 'ADA_DCO'
Slack : 9.428
TNS   : 0.000

Type  : Fast 1200mV 0C Model Minimum Pulse Width 'CLOCK2_50'
Slack : 16.000
TNS   : 0.000

Type  : Fast 1200mV 0C Model Minimum Pulse Width 'CLOCK3_50'
Slack : 16.000
TNS   : 0.000

Type  : Fast 1200mV 0C Model Minimum Pulse Width 'FPGA_CLK_A_N'
Slack : 16.000
TNS   : 0.000

Type  : Fast 1200mV 0C Model Minimum Pulse Width 'FPGA_CLK_A_P'
Slack : 16.000
TNS   : 0.000

Type  : Fast 1200mV 0C Model Minimum Pulse Width 'FPGA_CLK_B_N'
Slack : 16.000
TNS   : 0.000

Type  : Fast 1200mV 0C Model Minimum Pulse Width 'FPGA_CLK_B_P'
Slack : 16.000
TNS   : 0.000

Type  : Fast 1200mV 0C Model Minimum Pulse Width 'GPIO[8]'
Slack : 49.161
TNS   : 0.000

Type  : Fast 1200mV 0C Model Minimum Pulse Width 'altera_reserved_tck'
Slack : 49.283
TNS   : 0.000

Type  : Fast 1200mV 0C Model Minimum Pulse Width 'DE2115_DualLockins_system_inst|dual_lia_inst|lockin_1|cic_x|clk_decimated|q'
Slack : 499999.732
TNS   : 0.000

Type  : Fast 1200mV 0C Model Minimum Pulse Width 'DE2115_DualLockins_system_inst|dual_lia_inst|lockin_2|cic_y|clk_decimated|q'
Slack : 499999.772
TNS   : 0.000

Type  : Fast 1200mV 0C Model Minimum Pulse Width 'DE2115_DualLockins_system_inst|dual_lia_inst|lockin_1|cic_y|clk_decimated|q'
Slack : 499999.774
TNS   : 0.000

Type  : Fast 1200mV 0C Model Minimum Pulse Width 'DE2115_DualLockins_system_inst|dual_lia_inst|lockin_2|cic_x|clk_decimated|q'
Slack : 499999.775
TNS   : 0.000

------------------------------------------------------------
