Flow report for DE2115_DualLockins
Sat Aug 26 14:07:58 2017
Quartus Prime Version 16.0.0 Build 211 04/27/2016 SJ Lite Edition


---------------------
; Table of Contents ;
---------------------
  1. Legal Notice
  2. Flow Summary
  3. Flow Settings
  4. Flow Non-Default Global Settings
  5. Flow Elapsed Time
  6. Flow OS Summary
  7. Flow Log
  8. Flow Messages
  9. Flow Suppressed Messages



----------------
; Legal Notice ;
----------------
Copyright (C) 1991-2016 Altera Corporation. All rights reserved.
Your use of Altera Corporation's design tools, logic functions 
and other software and tools, and its AMPP partner logic 
functions, and any output files from any of the foregoing 
(including device programming or simulation files), and any 
associated documentation or information are expressly subject 
to the terms and conditions of the Altera Program License 
Subscription Agreement, the Altera Quartus Prime License Agreement,
the Altera MegaCore Function License Agreement, or other 
applicable license agreement, including, without limitation, 
that your use is for the sole purpose of programming logic 
devices manufactured by Altera and sold by Altera or its 
authorized distributors.  Please refer to the applicable 
agreement for further details.



+----------------------------------------------------------------------------------+
; Flow Summary                                                                     ;
+------------------------------------+---------------------------------------------+
; Flow Status                        ; Flow Failed - Sat Aug 26 14:07:58 2017      ;
; Quartus Prime Version              ; 16.0.0 Build 211 04/27/2016 SJ Lite Edition ;
; Revision Name                      ; DE2115_DualLockins                          ;
; Top-level Entity Name              ; DE2115_DualLockins_top                      ;
; Family                             ; Cyclone IV E                                ;
; Device                             ; EP4CE115F29C7                               ;
; Timing Models                      ; Final                                       ;
; Total logic elements               ; N/A until Partition Merge                   ;
;     Total combinational functions  ; N/A until Partition Merge                   ;
;     Dedicated logic registers      ; N/A until Partition Merge                   ;
; Total registers                    ; N/A until Partition Merge                   ;
; Total pins                         ; N/A until Partition Merge                   ;
; Total virtual pins                 ; N/A until Partition Merge                   ;
; Total memory bits                  ; N/A until Partition Merge                   ;
; Embedded Multiplier 9-bit elements ; N/A until Partition Merge                   ;
; Total PLLs                         ; N/A until Partition Merge                   ;
+------------------------------------+---------------------------------------------+


+-----------------------------------------+
; Flow Settings                           ;
+-------------------+---------------------+
; Option            ; Setting             ;
+-------------------+---------------------+
; Start date & time ; 08/26/2017 14:07:33 ;
; Main task         ; Compilation         ;
; Revision Name     ; DE2115_DualLockins  ;
+-------------------+---------------------+


+--------------------------------------------------------------------------------------------------------------------------------------------------------------------------------------+
; Flow Non-Default Global Settings                                                                                                                                                     ;
+-------------------------------------+---------------------------------------------------------------+--------------------------------------+------------------------+----------------+
; Assignment Name                     ; Value                                                         ; Default Value                        ; Entity Name            ; Section Id     ;
+-------------------------------------+---------------------------------------------------------------+--------------------------------------+------------------------+----------------+
; COMPILER_SIGNATURE_ID               ; 66700651325580.150377445306648                                ; --                                   ; --                     ; --             ;
; EDA_OUTPUT_DATA_FORMAT              ; Vhdl                                                          ; --                                   ; --                     ; eda_simulation ;
; EDA_SIMULATION_TOOL                 ; ModelSim-Altera (VHDL)                                        ; <None>                               ; --                     ; --             ;
; EDA_TIME_SCALE                      ; 1 ps                                                          ; --                                   ; --                     ; eda_simulation ;
; MAX_CORE_JUNCTION_TEMP              ; 85                                                            ; --                                   ; --                     ; --             ;
; MIN_CORE_JUNCTION_TEMP              ; 0                                                             ; --                                   ; --                     ; --             ;
; MISC_FILE                           ; DualLockins/qsys_system/synthesis/../qsys_system.cmp          ; --                                   ; --                     ; --             ;
; MISC_FILE                           ; DualLockins/qsys_system/synthesis/../../qsys_system.qsys      ; --                                   ; --                     ; --             ;
; MISC_FILE                           ; DualLockins/mult_13x14.cmp                                    ; --                                   ; --                     ; --             ;
; MISC_FILE                           ; DualLockins/FIFO_inst.v                                       ; --                                   ; --                     ; --             ;
; MISC_FILE                           ; DualLockins/FIFO_bb.v                                         ; --                                   ; --                     ; --             ;
; MISC_FILE                           ; DualLockins/FIFO.inc                                          ; --                                   ; --                     ; --             ;
; MISC_FILE                           ; DualLockins/FIFO.cmp                                          ; --                                   ; --                     ; --             ;
; MISC_FILE                           ; DualLockins/FIFO_syn.v                                        ; --                                   ; --                     ; --             ;
; NOMINAL_CORE_SUPPLY_VOLTAGE         ; 1.2V                                                          ; --                                   ; --                     ; --             ;
; PARTITION_COLOR                     ; 16764057                                                      ; --                                   ; DE2115_DualLockins_top ; Top            ;
; PARTITION_FITTER_PRESERVATION_LEVEL ; PLACEMENT_AND_ROUTING                                         ; --                                   ; DE2115_DualLockins_top ; Top            ;
; PARTITION_NETLIST_TYPE              ; SOURCE                                                        ; --                                   ; DE2115_DualLockins_top ; Top            ;
; POWER_BOARD_THERMAL_MODEL           ; None (CONSERVATIVE)                                           ; --                                   ; --                     ; --             ;
; POWER_PRESET_COOLING_SOLUTION       ; 23 MM HEAT SINK WITH 200 LFPM AIRFLOW                         ; --                                   ; --                     ; --             ;
; PROJECT_IP_REGENERATION_POLICY      ; ALWAYS_REGENERATE_IP                                          ; SKIP_REGENERATING_IP_IF_HDL_MODIFIED ; --                     ; --             ;
; PROJECT_OUTPUT_DIRECTORY            ; output_files                                                  ; --                                   ; --                     ; --             ;
; SLD_FILE                            ; DualLockins/qsys_system/synthesis/qsys_system.regmap          ; --                                   ; --                     ; --             ;
; SLD_FILE                            ; DualLockins/qsys_system/synthesis/qsys_system.debuginfo       ; --                                   ; --                     ; --             ;
; SLD_INFO                            ; QSYS_NAME qsys_system HAS_SOPCINFO 1 GENERATION_ID 1503774279 ; --                                   ; qsys_system            ; --             ;
; SOPCINFO_FILE                       ; DualLockins/qsys_system/synthesis/../../qsys_system.sopcinfo  ; --                                   ; --                     ; --             ;
; SYNTHESIS_ONLY_QIP                  ; On                                                            ; --                                   ; --                     ; --             ;
; TOP_LEVEL_ENTITY                    ; DE2115_DualLockins_top                                        ; DE2115_DualLockins                   ; --                     ; --             ;
+-------------------------------------+---------------------------------------------------------------+--------------------------------------+------------------------+----------------+


+--------------------------------------------------------------------------------------------------------------------------+
; Flow Elapsed Time                                                                                                        ;
+----------------------+--------------+-------------------------+---------------------+------------------------------------+
; Module Name          ; Elapsed Time ; Average Processors Used ; Peak Virtual Memory ; Total CPU Time (on all processors) ;
+----------------------+--------------+-------------------------+---------------------+------------------------------------+
; Analysis & Synthesis ; 00:00:26     ; 1.0                     ; 1060 MB             ; 00:00:45                           ;
; Total                ; 00:00:26     ; --                      ; --                  ; 00:00:45                           ;
+----------------------+--------------+-------------------------+---------------------+------------------------------------+


+-----------------------------------------------------------------------------------+
; Flow OS Summary                                                                   ;
+----------------------+------------------+-----------+------------+----------------+
; Module Name          ; Machine Hostname ; OS Name   ; OS Version ; Processor type ;
+----------------------+------------------+-----------+------------+----------------+
; Analysis & Synthesis ; WS8363           ; Windows 7 ; 6.1        ; x86_64         ;
+----------------------+------------------+-----------+------------+----------------+


------------
; Flow Log ;
------------
quartus_map --read_settings_files=on --write_settings_files=off DE2115_DualLockins -c DE2115_DualLockins



